04:24:48 200
04:24:49 200
04:24:50 200
04:24:52 200
04:24:53 200
04:24:54 200
04:24:56 200
04:24:57 200
04:24:58 200
04:25:00 200
04:25:01 200
04:25:02 200
04:25:03 200
04:25:05 200
04:25:06 200
04:25:07 200
04:25:09 200
04:25:10 200
04:25:11 200
04:25:13 200
04:25:14 200
04:25:15 200
04:25:17 200
04:25:18 200
04:25:19 200
04:25:21 200
04:25:22 200
04:25:23 200
04:25:25 200
04:25:26 200
04:25:27 200
04:25:28 200
04:25:30 200
04:25:31 200
04:25:32 200
04:25:34 200
04:25:35 200
04:25:36 200
04:25:38 200
04:25:39 200
04:25:40 200
04:25:42 200
04:25:43 200
04:25:44 200
04:25:46 200
04:25:47 200
04:25:48 200
04:25:49 200
04:25:51 200
04:25:52 200
04:25:53 200
04:25:55 200
04:25:56 200
04:25:57 200
04:25:59 200
04:26:00 200
04:26:02 200
04:26:03 200
04:26:04 200
04:26:06 200
04:26:07 200
04:26:08 200
04:26:10 200
04:26:11 200
04:26:12 200
04:26:14 200
04:26:15 200
04:26:16 200
04:26:18 200
04:26:19 200
04:26:20 200
04:26:22 200
04:26:23 200
04:26:24 200
04:26:26 200
04:26:27 200
04:26:28 200
04:26:30 200
04:26:31 200
04:26:32 200
04:26:34 200
04:26:35 200
04:26:36 200
04:26:38 200
04:26:39 200
04:26:40 200
04:26:42 200
04:26:43 200
04:26:44 200
04:26:46 200
04:26:47 200
04:26:48 200
04:26:50 200
04:26:51 200
04:26:52 200
04:26:54 200
04:26:55 200
04:26:56 200
