04:13:52 200
04:13:53 200
04:13:55 200
04:13:56 200
04:13:58 200
04:13:59 200
04:14:00 200
04:14:01 200
04:14:03 200
04:14:04 200
04:14:05 200
04:14:07 200
04:14:08 200
04:14:09 200
04:14:11 200
04:14:12 200
04:14:13 200
04:14:15 200
04:14:16 200
04:14:17 200
04:14:18 200
04:14:20 200
04:14:21 200
04:14:22 200
04:14:24 200
04:14:25 200
04:14:26 200
04:14:28 200
04:14:29 200
04:14:30 200
04:14:32 200
04:14:33 200
04:14:34 200
04:14:35 200
04:14:37 200
04:14:38 200
04:14:39 200
04:14:41 200
04:14:42 200
04:14:43 200
04:14:45 200
04:14:46 200
04:14:47 200
04:14:48 200
04:14:50 200
04:14:51 200
04:14:52 200
04:14:54 200
04:14:55 200
04:14:56 200
04:14:58 200
04:14:59 200
04:15:00 200
04:15:02 200
04:15:03 200
04:15:04 200
04:15:05 200
04:15:07 200
04:15:08 200
04:15:09 200
04:15:11 200
04:15:12 200
04:15:13 200
04:15:15 200
04:15:16 200
04:15:17 200
04:15:19 200
04:15:20 200
04:15:21 200
04:15:22 200
04:15:24 200
04:15:25 200
04:15:26 200
04:15:28 200
04:15:29 200
04:15:30 200
04:15:32 200
04:15:33 200
04:15:34 200
04:15:36 200
04:15:37 200
04:15:38 200
04:15:39 200
04:15:41 200
04:15:42 200
04:15:43 200
04:15:45 200
04:15:46 200
04:15:47 200
04:15:49 200
04:15:50 200
04:15:51 200
04:15:53 200
04:15:54 200
04:15:55 200
04:15:56 200
04:15:58 200
04:15:59 200
04:16:00 200
04:16:02 200
04:16:03 200
04:16:04 200
04:16:06 200
04:16:07 200
04:16:08 200
04:16:10 200
04:16:11 200
04:16:12 200
04:16:13 200
04:16:15 200
04:16:16 200
04:16:17 200
04:16:19 200
04:16:20 200
04:16:21 200
04:16:23 200
04:16:24 200
04:16:25 200
04:16:27 200
04:16:28 200
04:16:29 200
04:16:31 200
04:16:32 200
04:16:33 200
04:16:35 200
04:16:36 200
04:16:37 200
04:16:39 200
04:16:40 200
04:16:41 200
04:16:43 200
04:16:44 200
04:16:45 200
04:16:46 200
04:16:48 200
04:16:49 200
04:16:50 200
04:16:52 200
04:16:53 200
04:16:54 200
04:16:56 200
04:16:57 200
04:16:58 200
04:17:00 200
04:17:01 200
04:17:02 200
04:17:04 200
04:17:05 200
04:17:06 200
04:17:08 200
04:17:09 200
04:17:10 200
04:17:11 200
04:17:13 200
04:17:14 200
04:17:15 200
04:17:17 200
04:17:18 200
04:17:19 200
04:17:21 200
04:17:22 200
04:17:23 200
04:17:25 200
04:17:26 200
04:17:27 200
04:17:29 200
04:17:30 200
04:17:31 200
04:17:33 200
04:17:34 200
04:17:35 200
04:17:37 200
04:17:38 200
04:17:39 200
04:17:40 200
04:17:42 200
04:17:43 200
04:17:44 200
04:17:46 200
04:17:47 200
04:17:48 200
04:17:50 200
04:17:51 200
04:17:52 200
