04:18:38 200
04:18:39 200
04:18:41 200
04:18:42 200
04:18:43 200
04:18:45 200
04:18:46 200
04:18:47 200
04:18:48 000
04:18:50 000
04:18:51 000
04:18:52 000
04:18:53 000
04:18:54 000
04:18:55 000
04:18:57 000
04:18:58 000
04:18:59 000
04:19:00 000
04:19:01 000
04:19:03 000
04:19:04 000
04:19:05 000
04:19:06 000
04:19:07 000
04:19:08 000
04:19:09 000
04:19:11 000
04:19:12 000
04:19:13 000
04:19:14 000
04:19:15 000
04:19:16 000
04:19:18 000
04:19:19 000
04:19:20 000
04:19:21 000
04:19:22 000
04:19:23 000
04:19:25 000
04:19:26 000
04:19:27 000
04:19:28 000
04:19:29 000
04:19:30 000
04:19:32 000
04:19:33 000
04:19:34 000
04:19:35 000
04:19:36 000
04:19:37 000
04:19:39 000
04:19:40 000
04:19:41 000
04:19:42 000
04:19:43 000
04:19:44 000
04:19:46 000
04:19:47 000
04:19:48 000
04:19:49 000
04:19:50 000
04:19:52 000
04:19:53 000
04:19:54 000
04:19:55 000
04:19:56 000
04:19:57 000
04:19:59 000
04:20:00 000
04:20:01 000
04:20:02 000
04:20:03 000
04:20:04 000
04:20:06 000
04:20:07 000
04:20:08 000
04:20:09 000
04:20:10 000
04:20:11 000
04:20:13 000
04:20:14 000
04:20:15 000
04:20:16 000
04:20:17 000
04:20:18 000
04:20:20 000
04:20:21 000
04:20:22 000
04:20:23 000
04:20:24 000
04:20:25 000
04:20:27 000
04:20:28 000
04:20:29 000
04:20:30 000
04:20:31 000
04:20:33 000
04:20:34 000
04:20:35 000
04:20:36 000
04:20:37 000
04:20:38 000
04:20:40 000
04:20:41 000
04:20:42 000
04:20:43 000
04:20:44 000
04:20:45 000
04:20:47 000
04:20:48 000
04:20:49 000
04:20:50 000
04:20:51 000
04:20:52 000
04:20:54 000
04:20:55 000
04:20:56 000
04:20:57 000
04:20:58 000
04:20:59 000
04:21:00 000
04:21:02 000
04:21:03 000
04:21:04 000
04:21:05 000
04:21:06 000
04:21:08 000
04:21:09 000
04:21:10 000
04:21:11 000
04:21:12 000
04:21:13 000
04:21:15 000
04:21:16 000
04:21:17 000
04:21:18 000
04:21:19 000
04:21:21 000
04:21:22 000
04:21:23 000
04:21:24 000
04:21:25 000
04:21:26 000
04:21:28 000
04:21:29 000
04:21:30 000
04:21:31 000
04:21:32 000
04:21:33 000
04:21:35 000
04:21:36 000
04:21:37 000
04:21:38 000
04:21:39 000
04:21:40 000
04:21:42 000
04:21:43 000
04:21:44 200
04:21:45 200
04:21:47 200
04:21:48 200
04:21:49 200
04:21:51 200
04:21:52 200
04:21:53 200
04:21:55 200
04:21:56 200
04:21:58 200
04:21:59 200
04:22:00 200
04:22:02 200
04:22:03 200
04:22:04 200
04:22:06 200
04:22:07 200
04:22:08 200
04:22:10 200
04:22:11 200
04:22:12 200
04:22:14 200
04:22:15 200
04:22:16 200
04:22:18 200
04:22:19 200
04:22:20 200
04:22:22 200
04:22:23 200
04:22:24 200
04:22:26 200
04:22:27 200
04:22:28 200
04:22:30 200
04:22:31 200
04:22:32 200
04:22:33 200
04:22:35 200
04:22:36 200
04:22:37 200
04:22:39 200
04:22:40 200
04:22:41 200
04:22:43 200
04:22:44 200
04:22:45 200
04:22:47 200
04:22:48 200
04:22:49 200
04:22:51 200
04:22:52 200
04:22:53 200
04:22:55 200
04:22:56 200
04:22:57 200
04:22:59 200
04:23:00 200
04:23:01 200
04:23:03 200
04:23:04 200
04:23:05 200
04:23:06 200
04:23:08 200
04:23:09 200
04:23:10 200
04:23:12 200
04:23:13 200
04:23:14 200
04:23:16 200
04:23:17 200
04:23:18 200
04:23:20 200
04:23:21 200
04:23:22 200
04:23:24 200
04:23:25 200
04:23:26 200
04:23:28 200
04:23:29 200
04:23:30 200
04:23:32 200
04:23:33 200
04:23:34 200
04:23:35 200
04:23:37 200
04:23:38 200
04:23:39 200
04:23:41 200
04:23:42 200
04:23:43 200
04:23:45 200
04:23:46 200
04:23:47 200
04:23:49 200
04:23:50 200
04:23:51 200
04:23:53 200
04:23:54 200
04:23:55 200
04:23:57 200
04:23:58 200
04:23:59 200
04:24:01 200
04:24:02 200
04:24:03 200
04:24:05 200
04:24:06 200
04:24:07 200
04:24:08 200
04:24:10 200
04:24:11 200
04:24:12 200
04:24:14 200
04:24:15 200
04:24:16 200
04:24:18 200
04:24:19 200
04:24:20 200
04:24:22 200
04:24:23 200
04:24:24 200
04:24:26 200
04:24:27 200
04:24:28 200
04:24:29 200
